D/node.js (  456): 17:25:14.284:   Firing event onSuccess of component with typename kettle.requests.request.http and id 7ot1wxfn-1478 to list of 1 listeners
D/RFFE_DVBC( 1871): [hfms=1]dvbcfms_semCheck : Semlock success!!!
D/RFFE_DVBC( 1871): [hfms=1]dvbcfms_mutexCheck : DVBC_FMS_LOCK success
I/v_hwc   ( 1872): hwc_draw_cursor_content(356) Draw image[i], success: src_width=1, src_height=42, dst_width=63, dst_height=63, transform=95
I/v_hwc   ( 1872): hwcSetCursor(544): cursor_width=42, cursor_height=63,cursor_format=0x132, cursor_stride=192,bpp=4, buffer_handle=0x3085a770, disp_rect={128,47,42,63}!
D/node.js (  456): 17:25:14.291:   Fetched device reporter data:  { solutions: 
D/node.js (  456):    [ { id: 'net.gpii.smarthouses' },
D/node.js (  456):      { id: 'org.gnome.desktop.interface' },
D/node.js (  456):      { id: 'org.gnome.shell.overrides' },
D/node.js (  456):      { id: 'org.gnome.desktop.wm.preferences' },
D/node.js (  456):      { id: 'org.gnome.nautilus' },
D/node.js (  456):      { id: 'org.gnome.desktop.a11y.keyboard' },
D/node.js (  456):      { id: 'org.gnome.desktop.a11y.applications.onscreen-keyboard' },
D/node.js (  456):      { id: 'org.gnome.orca' },
D/node.js (  456):      { id: 'org.gnome.desktop.a11y.magnifier' },
D/node.js (  456):      { id: 'com.microsoft.windows.magnifier' },
D/node.js (  456):      { id: 'com.microsoft.windows.onscreenKeyboard' },
D/node.js (  456):      { id: 'org.nvda-project' },
D/node.js (  456):      { id: 'org.gnome.desktop.interface' },
D/node.js (  456):      { id: 'org.gnome.nautilus' },
D/node.js (  456):      { id: 'trace.easyOne.communicator.windows' },
D/node.js (  456):      { id: 'trace.easyOne.communicator.linux' },
D/node.js (  456):      { id: 'trace.easyOne.sudan.windows' },
D/node.js (  456):      { id: 'trace.easyOne.sudan.linux' },
D/node.js (  456):      { id: 'webinsight.webAnywhere.windows' },
D/node.js (  456):      { id: 'webinsight.webAnywhere.linux' },
D/node.js (  456):      { id: 'com.texthelp.readWriteGold' },
D/node.js (  456):      { id: 'net.opend
D/node.js (  456): 17:25:14.295:   Firing event onDevice of component with typename kettle.requests.request.handler and id 7ot1wxfn-1430 to list of 1 listeners
D/RFFE_SILABS_LOGS( 1871): DVBC SQI: CNrel = CNrec - CNref[4] =  35.25 dB -  32.00 dB =   3.25 dB SQI=46 SSI=90 [BER ready ? =Y] ber=0.000047
D/RFFE_DVBC( 1871): [hfms=1]dvbcfms_monitorLock : Lock Status 1 Previous Lock Status 1
D/RFFE_DEMODSILAB_SUPP( 1871): [hsilab=1]silab_mutexCheck : SILAB_MUTEX_LOCK success
I/InputReader( 2198): CursorInputMapper::sync NavigationMode=1
I/InputReader( 2198): CursorInputMapper::sync activeState=1
D/InputReader( 2198): InputReader wasAnyDPADKeydown: 0 pointingEnabled 1
D/node.js (  456): 17:25:14.297:   Fetched user preferences:  { token: 'tvuser',
D/node.js (  456):   preferences: { 'http://registry.gpii.org/applications/com.tpvision.gpiitvproxy': [ [Object] ] } }
D/node.js (  456): 17:25:14.299:   Firing event onPreferences of component with typename kettle.requests.request.handler and id 7ot1wxfn-1430 to list of 1 listeners
D/node.js (  456): 17:25:14.301:   Firing event  [composite] onReadyToMatch of component with typename kettle.requests.request.handler and id 7ot1wxfn-1430 to list of 2 listeners
D/node.js (  456): 17:25:14.305:   INFO urlExpander expanding url: http://localhost:0x4c9f2730ort/match
D/node.js (  456): 17:25:14.305:   INFO urlExpander expanded: http://localhost:8081/match
I/v_hwc   ( 1872): hwc_draw_cursor_content(356) Draw image[i], success: src_width=2, src_height=42, dst_width=63, dst_height=63, transform=95
I/v_hwc   ( 1872): hwcSetCursor(544): cursor_width=42, cursor_height=63,cursor_format=0x132, cursor_stride=192,bpp=4, buffer_handle=0x3085af80, disp_rect={129,46,42,63}!
D/node.js (  456): 17:25:14.315:   Firing event onNewRequest of component with typename kettle.requests and id 7ot1wxfn-48 to list of 1 listeners
I/InputReader( 2198): CursorInputMapper::sync NavigationMode=1
I/InputReader( 2198): CursorInputMapper::sync activeState=1
D/InputReader( 2198): InputReader wasAnyDPADKeydown: 0 pointingEnabled 1
I/v_hwc   ( 1872): hwc_draw_cursor_content(356) Draw image[i], success: src_width=3, src_height=42, dst_width=63, dst_height=63, transform=95
I/v_hwc   ( 1872): hwcSetCursor(544): cursor_width=42, cursor_height=63,cursor_format=0x132, cursor_stride=192,bpp=4, buffer_handle=0x3085a770, disp_rect={130,44,42,63}!
I/InputReader( 2198): CursorInputMapper::sync NavigationMode=1
I/InputReader( 2198): CursorInputMapper::sync activeState=1
D/InputReader( 2198): InputReader wasAnyDPADKeydown: 0 pointingEnabled 1
I/v_hwc   ( 1872): hwc_draw_cursor_content(356) Draw image[i], success: src_width=0, src_height=42, dst_width=63, dst_height=63, transform=95
I/v_hwc   ( 1872): hwcSetCursor(544): cursor_width=42, cursor_height=63,cursor_format=0x132, cursor_stride=192,bpp=4, buffer_handle=0x3085af80, disp_rect={132,43,42,63}!
D/node.js (  456): 17:25:14.357:   Firing event onCreate of component with typename kettle.requests.request.http and id 7ot1wxfn-1504 to list of 2 listeners
I/InputReader( 2198): CursorInputMapper::sync NavigationMode=1
I/InputReader( 2198): CursorInputMapper::sync activeState=1
D/InputReader( 2198): InputReader wasAnyDPADKeydown: 0 pointingEnabled 1
D/node.js (  456): 17:25:14.360:   Firing event onAttach of component with typename kettle.requests.request.http and id 7ot1wxfn-1504 to list of 1 listeners
D/RFFE_SILABS_LOGS( 1871): DVBC SQI: CNrel = CNrec - CNref[4] =  35.25 dB -  32.00 dB =   3.25 dB SQI=46 SSI=90 [BER ready ? =Y] ber=0.000047
D/RFFE_DEMODSILAB_SUPP( 1871): [hsilab=1]silab_mutexCheck : SILAB_MUTEX_UNLOCK success
D/RFFE_DVBC( 1871): [hfms=1]dvbcfms_mutexCheck : DVBC_FMS_UNLOCK success
D/RFFE_DVBC( 1871): [hfms=1]dvbcfms_semCheck : Semunlock success!!!
D/RFFE_DVBC( 1871): [hfms=0]dvbcfms_semCheck : Semlock success!!!
D/RFFE_DVBC( 1871): [hfms=0]dvbcfms_mutexCheck : DVBC_FMS_LOCK success
D/node.js (  456): 17:25:14.362:   Firing event onCORS of component with typename kettle.requests.request.http and id 7ot1wxfn-1504 to list of 1 listeners
D/node.js (  456): 17:25:14.362:   Firing event onBodyParser of component with typename kettle.requests.request.http and id 7ot1wxfn-1504 to list of 1 listeners
D/node.js (  456): 17:25:14.363:   Firing event onHandleRequest of component with typename kettle.requests and id 7ot1wxfn-48 to list of 1 listeners
D/node.js (  456): 17:25:14.364:   Firing event handle of component with typename kettle.requests.request.http and id 7ot1wxfn-1504 to list of 1 listeners
D/RFFE_SILABS_LOGS( 1871): DVBC SQI: CNrel = CNrec - CNref[4] =  35.00 dB -  32.00 dB =   3.00 dB SQI=47 SSI=90 [BER ready ? =Y] ber=0.000045
D/RFFE_DVBC( 1871): [hfms=0]dvbcfms_monitorLock : Lock Status 1 Previous Lock Status 1
D/RFFE_DEMODSILAB_SUPP( 1871): [hsilab=0]silab_mutexCheck : SILAB_MUTEX_LOCK success
I/v_hwc   ( 1872): hwc_draw_cursor_content(356) Draw image[i], success: src_width=1, src_height=42, dst_width=63, dst_height=63, transform=95
I/v_hwc   ( 1872): hwcSetCursor(544): cursor_width=42, cursor_height=63,cursor_format=0x132, cursor_stride=192,bpp=4, buffer_handle=0x3085a770, disp_rect={136,43,42,63}!
I/InputReader( 2198): CursorInputMapper::sync NavigationMode=1
I/InputReader( 2198): CursorInputMapper::sync activeState=1
D/InputReader( 2198): InputReader wasAnyDPADKeydown: 0 pointingEnabled 1
I/ActivityManager( 2198): Total CPU usage: 25.557243%
I/v_hwc   ( 1872): hwc_draw_cursor_content(356) Draw image[i], success: src_width=2, src_height=42, dst_width=63, dst_height=63, transform=95
I/v_hwc   ( 1872): hwcSetCursor(544): cursor_width=42, cursor_height=63,cursor_format=0x132, cursor_stride=192,bpp=4, buffer_handle=0x3085af80, disp_rect={143,43,42,63}!
E/rf4ce_events( 1871): RF4CE : timerExpired = 5 
E/rf4ce_events( 1871): clearing the timer with id = 5 
E/rf4ce_events( 1871): RC6 Timer Cleared
I/InputReader( 2198): CursorInputMapper::sync NavigationMode=1
I/InputReader( 2198): CursorInputMapper::sync activeState=1
D/InputReader( 2198): InputReader wasAnyDPADKeydown: 0 pointingEnabled 1
I/ActivityManager( 2198): user+system+iowait+irq+softIrq : 26 user : 13 system : 12 iowait : 0 irq : 0 softIrq : 1
D/node.js (  456): 17:25:14.410:   Firing event onAttach of component with typename gpii.matchMaker and id 7ot1wxfn-320 to list of 1 listeners
I/v_hwc   ( 1872): hwc_draw_cursor_content(356) Draw image[i], success: src_width=3, src_height=42, dst_width=63, dst_height=63, transform=95
D/node.js (  456): 17:25:14.414:   Firing event onAttach of component with typename kettle.requests.request.handler and id 7ot1wxfn-1522 to list of 1 listeners
I/v_hwc   ( 1872): hwcSetCursor(544): cursor_width=42, cursor_height=63,cursor_format=0x132, cursor_stride=192,bpp=4, buffer_handle=0x3085a770, disp_rect={153,43,42,63}!
I/InputReader( 2198): CursorInputMapper::sync NavigationMode=1
I/InputReader( 2198): CursorInputMapper::sync activeState=1
D/InputReader( 2198): InputReader wasAnyDPADKeydown: 0 pointingEnabled 1
D/node.js (  456): 17:25:14.420:   Firing event onMatchRequest of component with typename kettle.requests.request.handler and id 7ot1wxfn-1522 to list of 2 listeners
D/node.js (  456): 17:25:14.423:   INFO urlExpander expanding url: file://root/../../../testData/solutions/android.json
D/node.js (  456): 17:25:14.423:   INFO urlExpander expanded: file:///storage/emulated/legacy/gpii/node_modules/universal/gpii/node_modules/matchMaker/../../../testData/solutions/android.json
I/InputReader( 2198): CursorInputMapper::sync NavigationMode=1
I/InputReader( 2198): CursorInputMapper::sync NavigationMode=1
D/node.js (  456): 17:25:14.427:   INFO urlExpander expanding url: file://root/../../../testData/ontologies/ontologies.json
D/node.js (  456): 17:25:14.427:   INFO urlExpander expanded: file:///storage/emulated/legacy/gpii/node_modules/universal/gpii/node_modules/matchMaker/../../../testData/ontologies/ontologies.json
D/RFFE_SILABS_LOGS( 1871): DVBC SQI: CNrel = CNrec - CNref[4] =  34.75 dB -  32.00 dB =   2.75 dB SQI=46 SSI=90 [BER ready ? =Y] ber=0.000037
D/RFFE_DEMODSILAB_SUPP( 1871): [hsilab=0]silab_mutexCheck : SILAB_MUTEX_UNLOCK success
D/RFFE_DVBC( 1871): [hfms=0]dvbcfms_mutexCheck : DVBC_FMS_UNLOCK success
D/RFFE_DVBC( 1871): [hfms=0]dvbcfms_semCheck : Semunlock success!!!
I/v_hwc   ( 1872): hwc_draw_cursor_content(356) Draw image[i], success: src_width=0, src_height=42, dst_width=63, dst_height=63, transform=95
I/v_hwc   ( 1872): hwcSetCursor(544): cursor_width=42, cursor_height=63,cursor_format=0x132, cursor_stride=192,bpp=4, buffer_handle=0x3085af80, disp_rect={169,44,42,63}!
I/InputReader( 2198): CursorInputMapper::sync NavigationMode=1
I/InputReader( 2198): CursorInputMapper::sync activeState=1
D/InputReader( 2198): InputReader wasAnyDPADKeydown: 0 pointingEnabled 1
D/node.js (  456): 17:25:14.442:   Firing event guard event to list of 0 listeners
D/node.js (  456): 17:25:14.444:   Firing event onOntologyServer of component with typename kettle.requests.request.handler and id 7ot1wxfn-1522 to list of 1 listeners
I/v_hwc   ( 1872): hwc_draw_cursor_content(356) Draw image[i], success: src_width=1, src_height=42, dst_width=63, dst_height=63, transform=95
I/v_hwc   ( 1872): hwcSetCursor(544): cursor_width=42, cursor_height=63,cursor_format=0x132, cursor_stride=192,bpp=4, buffer_handle=0x3085a770, disp_rect={169,44,42,63}!
D/node.js (  456): 17:25:14.457:   Firing event onSolutionsReporter of component with typename kettle.requests.request.handler and id 7ot1wxfn-1522 to list of 1 listeners
I/InputReader( 2198): CursorInputMapper::sync NavigationMode=1
I/InputReader( 2198): CursorInputMapper::sync activeState=1
D/InputReader( 2198): InputReader wasAnyDPADKeydown: 0 pointingEnabled 1
D/node.js (  456): 17:25:14.460:   Firing event  [composite] onReadyToMatch of component with typename kettle.requests.request.handler and id 7ot1wxfn-1522 to list of 1 listeners
I/InputReader( 2198): CursorInputMapper::sync NavigationMode=1
I/InputReader( 2198): CursorInputMapper::sync NavigationMode=1
D/node.js (  456): 17:25:14.472:   Firing event onSuccess of component with typename kettle.requestProxy and id 7ot1wxfn-60 to list of 1 listeners
D/node.js (  456): 17:25:14.473:   Firing event onSuccess of component with typename kettle.requests.request.http and id 7ot1wxfn-1504 to list of 1 listeners
I/v_hwc   ( 1872): hwc_draw_cursor_content(356) Draw image[i], success: src_width=2, src_height=42, dst_width=63, dst_height=63, transform=95
I/v_hwc   ( 1872): hwcSetCursor(544): cursor_width=42, cursor_height=63,cursor_format=0x132, cursor_stride=192,bpp=4, buffer_handle=0x3085af80, disp_rect={169,44,42,63}!
I/InputReader( 2198): CursorInputMapper::sync NavigationMode=1
I/InputReader( 2198): CursorInputMapper::sync activeState=1
D/InputReader( 2198): InputReader wasAnyDPADKeydown: 0 pointingEnabled 1
D/node.js (  456): 17:25:14.481:   Matched preferences and device reporter data:  [ { name: 'Android TV',
D/node.js (  456):     id: 'com.tpvision.gpiitvproxy',
D/node.js (  456):     contexts: { OS: [Object] },
D/node.js (  456):     settingsHandlers: [ [Object] ],
D/node.js (  456):     lifecycleManager: { start: [Object], stop: [Object] } } ]
D/node.js (  456): 17:25:14.484:   Firing event onMatch of component with typename kettle.requests.request.handler and id 7ot1wxfn-1430 to list of 1 listeners
V/bridge-core(  456): Env::load(): ent
I/GPII js (  456): got a get request for volume with type TV
I/GPII js (  456): got a set request for volume with type TV
I/InputReader( 2198): CursorInputMapper::sync NavigationMode=1
I/InputReader( 2198): CursorInputMapper::sync NavigationMode=1
I/GPII js (  456): got a get request for screenOff with type TV
I/GPII js (  456): got a set request for screenOff with type TV
I/GPII js (  456): got a get request for subtitles with type TV
I/GPII js (  456): got a set request for subtitles with type TV
I/InputReader( 2198): CursorInputMapper::sync NavigationMode=1
I/InputReader( 2198): CursorInputMapper::sync activeState=1
D/InputReader( 2198): InputReader wasAnyDPADKeydown: 0 pointingEnabled 1
D/WindowManager( 2198): User activity
D/TvInactivityService( 2198): User Activity
D/TvInactivityService( 2198): Cancelling timer
D/TvInactivityService( 2198): Resetting timers
I/v_hwc   ( 1872): hwc_draw_cursor_content(356) Draw image[i], success: src_width=3, src_height=42, dst_width=63, dst_height=63, transform=95
I/v_hwc   ( 1872): hwcSetCursor(544): cursor_width=42, cursor_height=63,cursor_format=0x132, cursor_stride=192,bpp=4, buffer_handle=0x3085a770, disp_rect={186,45,42,63}!
D/node.js (  456): 17:25:14.506:   Firing event guard event to list of 0 listeners
D/node.js (  456): 17:25:14.508:   Firing event guard event to list of 0 listeners
I/InputReader( 2198): CursorInputMapper::sync NavigationMode=1
I/InputReader( 2198): CursorInputMapper::sync NavigationMode=1
D/node.js (  456): 17:25:14.511:   Firing event guard event to list of 0 listeners
D/node.js (  456): 17:25:14.515:   Firing event guard event to list of 0 listeners
D/node.js (  456): 17:25:14.516:   Firing event guard event to list of 0 listeners
I/InputReader( 2198): CursorInputMapper::sync NavigationMode=1
I/InputReader( 2198): CursorInputMapper::sync activeState=1
D/InputReader( 2198): InputReader wasAnyDPADKeydown: 0 pointingEnabled 1
V/bridge-core(  456): Env::load(): ent
I/GPII js (  456): got a get request for volume with type TV
I/v_hwc   ( 1872): hwc_draw_cursor_content(356) Draw image[i], success: src_width=0, src_height=42, dst_width=63, dst_height=63, transform=95
I/v_hwc   ( 1872): hwcSetCursor(544): cursor_width=42, cursor_height=63,cursor_format=0x132, cursor_stride=192,bpp=4, buffer_handle=0x3085af80, disp_rect={191,34,42,63}!
I/GPII js (  456): got a set request for volume with type TV
I/GPII js (  456): got a get request for screenOff with type TV
I/GPII js (  456): got a set request for screenOff with type TV
I/GPII js (  456): got a get request for subtitles with type TV
I/GPII js (  456): got a set request for subtitles with type TV
I/InputReader( 2198): CursorInputMapper::sync NavigationMode=1
I/InputReader( 2198): CursorInputMapper::sync NavigationMode=1
I/InputReader( 2198): CursorInputMapper::sync NavigationMode=1
I/InputReader( 2198): CursorInputMapper::sync NavigationMode=1
I/InputReader( 2198): CursorInputMapper::sync NavigationMode=1
I/InputReader( 2198): CursorInputMapper::sync NavigationMode=1
I/v_hwc   ( 1872): hwc_draw_cursor_content(356) Draw image[i], success: src_width=1, src_height=42, dst_width=63, dst_height=63, transform=95
I/v_hwc   ( 1872): hwcSetCursor(544): cursor_width=42, cursor_height=63,cursor_format=0x132, cursor_stride=192,bpp=4, buffer_handle=0x3085a770, disp_rect={298,23,42,63}!
I/InputReader( 2198): CursorInputMapper::sync NavigationMode=1
I/InputReader( 2198): CursorInputMapper::sync NavigationMode=1
D/node.js (  456): 17:25:14.540:   Firing event guard event to list of 0 listeners
D/node.js (  456): 17:25:14.542:   Firing event guard event to list of 0 listeners
D/node.js (  456): 17:25:14.544:   Firing event guard event to list of 0 listeners
D/node.js (  456): 17:25:14.550:   Firing event guard event to list of 0 listeners
D/node.js (  456): 17:25:14.554:   Firing event guard event to list of 0 listeners
I/v_hwc   ( 1872): hwc_draw_cursor_content(356) Draw image[i], success: src_width=2, src_height=42, dst_width=63, dst_height=63, transform=95
I/v_hwc   ( 1872): hwcSetCursor(544): cursor_width=42, cursor_height=63,cursor_format=0x132, cursor_stride=192,bpp=4, buffer_handle=0x3085af80, disp_rect={298,23,42,63}!
D/node.js (  456): 17:25:14.556:   Lifecycle manager returned:  true
D/node.js (  456): 17:25:14.557:   Firing event onSuccess of component with typename kettle.requestProxy and id 7ot1wxfn-60 to list of 1 listeners
D/node.js (  456): 17:25:14.559:   Firing event onSuccess of component with typename kettle.requests.request.http and id 7ot1wxfn-1412 to list of 1 listeners
I/v_hwc   ( 1872): hwc_draw_cursor_content(356) Draw image[i], success: src_width=3, src_height=42, dst_width=63, dst_height=63, transform=95
I/v_hwc   ( 1872): hwcSetCursor(544): cursor_width=42, cursor_height=63,cursor_format=0x132, cursor_stride=192,bpp=4, buffer_handle=0x3085a770, disp_rect={367,2,42,63}!
I/v_hwc   ( 1872): hwc_draw_cursor_content(356) Draw image[i], success: src_width=0, src_height=42, dst_width=63, dst_height=63, transform=95
I/v_hwc   ( 1872): hwcSetCursor(544): cursor_width=42, cursor_height=63,cursor_format=0x132, cursor_stride=192,bpp=4, buffer_handle=0x3085af80, disp_rect={367,2,42,63}!
I/monitorfds(  993): Total amount of file in use:6400, limit:102605, remaining: 96205
D/        ( 1871): TVSettingsProviderService | NativeLibrary : getInt Done  for property=45 & value=2
D/DEMUX_SECTION( 1871): DMXSECTIONDEBUG: BEGIN DUMP
E/rf4ce_events( 1871): 	 key = 240
E/rf4ce_events( 1871): 	 key = 241
E/rf4ce_events( 1871): HID Timer is not Started Yet 
E/rf4ce_events( 1871): Timer Started
E/rf4ce_events( 1871): HID Timer Cleared
I/InputReader( 2198): KeyboardInputMapper::processKey() keyCode=0, scanCode=241 down=1
I/InputReader( 2198): KeyboardInputMapper::processKey() NavigationMode=1
D/InputReader( 2198): InputReader::getPointingEnabled - 1
I/InputReader( 2198): CursorInputMapper::sync NavigationMode=1
I/InputReader( 2198): CursorInputMapper::sync NavigationMode=1
I/InputReader( 2198): KeyboardInputMapper::processKey() keyCode=0, scanCode=241 down=0
I/InputReader( 2198): KeyboardInputMapper::processKey() NavigationMode=1
I/InputReader( 2198): Dropping key up from device TPV-RF4CE because the key was not down.  keyCode=0, scanCode=241
I/v_hwc   ( 1872): hwc_draw_cursor_content(356) Draw image[i], success: src_width=1, src_height=42, dst_width=63, dst_height=63, transform=95
I/v_hwc   ( 1872): hwcSetCursor(544): cursor_width=42, cursor_height=63,cursor_format=0x132, cursor_stride=192,bpp=4, buffer_handle=0x3085a770, disp_rect={367,2,42,63}!
I/v_hwc   ( 1872): hwc_draw_cursor_content(356) Draw image[i], success: src_width=2, src_height=42, dst_width=63, dst_height=63, transform=95
I/v_hwc   ( 1872): hwcSetCursor(544): cursor_width=42, cursor_height=63,cursor_format=0x132, cursor_stride=192,bpp=4, buffer_handle=0x3085af80, disp_rect={367,2,42,63}!
D/SbyRpc  ( 1871): RPC: Entering sbyrpc_SendMessage 29
D/SbyRpc  ( 1871): RPC : OnRPCDataReceived 332 invokeid = 1 funcid = 29
D/SbyRpc  ( 1871): RPC: DeleteInvokeStruct 534 0x2c099848 is=1
E/GetDisplayState( 1871): Entry
I/displaycontrol/DisplayCtrl/ctrl( 1871):  In displayctrl_getCurrentDisplayState :2 
E/GetDisplayState( 1871): Exit
D/TimerImpl( 2587): MsgHandler Wait
D/RFFE_DVBC( 1871): [hfms=1]dvbcfms_semCheck : Semlock success!!!
D/RFFE_DVBC( 1871): [hfms=1]dvbcfms_mutexCheck : DVBC_FMS_LOCK success
D/RFFE_SILABS_LOGS( 1871): DVBC SQI: CNrel = CNrec - CNref[4] =  35.00 dB -  32.00 dB =   3.00 dB SQI=47 SSI=90 [BER ready ? =Y] ber=0.000041
D/RFFE_DVBC( 1871): [hfms=1]dvbcfms_monitorLock : Lock Status 1 Previous Lock Status 1
D/RFFE_DEMODSILAB_SUPP( 1871): [hsilab=1]silab_mutexCheck : SILAB_MUTEX_LOCK success
D/RFFE_SILABS_LOGS( 1871): DVBC SQI: CNrel = CNrec - CNref[4] =  35.00 dB -  32.00 dB =   3.00 dB SQI=47 SSI=90 [BER ready ? =Y] ber=0.000041
D/RFFE_DEMODSILAB_SUPP( 1871): [hsilab=1]silab_mutexCheck : SILAB_MUTEX_UNLOCK success
D/RFFE_DVBC( 1871): [hfms=1]dvbcfms_mutexCheck : DVBC_FMS_UNLOCK success
D/RFFE_DVBC( 1871): [hfms=1]dvbcfms_semCheck : Semunlock success!!!
D/RFFE_DVBC( 1871): [hfms=0]dvbcfms_semCheck : Semlock success!!!
D/RFFE_DVBC( 1871): [hfms=0]dvbcfms_mutexCheck : DVBC_FMS_LOCK success
D/RFFE_SILABS_LOGS( 1871): DVBC SQI: CNrel = CNrec - CNref[4] =  35.00 dB -  32.00 dB =   3.00 dB SQI=48 SSI=90 [BER ready ? =Y] ber=0.000040
D/RFFE_DVBC( 1871): [hfms=0]dvbcfms_monitorLock : Lock Status 1 Previous Lock Status 1
D/RFFE_DEMODSILAB_SUPP( 1871): [hsilab=0]silab_mutexCheck : SILAB_MUTEX_LOCK success
D/org.droidtv.xtv.xtvnsd.xtvnsdserver( 2445): registerService: isActiveInterfaceAvailable eth0 
D/org.droidtv.xtv.xtvnsd.xtvnsdserver( 2445): getActiveNetworkIpAddress: Printing the IP address for Ethernet 192.168.1.147
D/org.droidtv.xtv.xtvnsd.xtvnsdserver( 2445): registerService: Registering with HOST IP Address : 192.168.1.147
D/org.droidtv.xtv.xtvnsd.xtvnsdserver( 2445): registerService: PrinTING nsd service information : name: 5_PhilipsTvtype: _philipstv_rpc._tcp.host: /192.168.1.147port: 1925txtRecord: null
D/org.droidtv.xtv.xtvnsd.xtvnsdserver( 2445): onUnregistrationFailed: Failed to unregister the service
D/NsdService( 2198): Register service
D/NsdService( 2198): Exceeded max outstanding requests mChannel com.android.internal.util.AsyncChannel@2c7974f8
D/NsdService( 2198): mMessenger android.os.Messenger@2c797498
D/NsdService( 2198): mResolvedService null
D/NsdService( 2198): clientId 1 mDnsId 2
D/NsdService( 2198): clientId 2 mDnsId 3
D/NsdService( 2198): clientId 3 mDnsId 4
D/NsdService( 2198): clientId 4 mDnsId 5
D/NsdService( 2198): clientId 5 mDnsId 6
D/NsdService( 2198): clientId 6 mDnsId 7
D/NsdService( 2198): clientId 7 mDnsId 8
D/NsdService( 2198): clientId 8 mDnsId 9
D/NsdService( 2198): clientId 9 mDnsId 10
D/NsdService( 2198): clientId 10 mDnsId 11
D/RFFE_SILABS_LOGS( 1871): DVBC SQI: CNrel = CNrec - CNref[4] =  34.75 dB -  32.00 dB =   2.75 dB SQI=46 SSI=90 [BER ready ? =Y] ber=0.000040
D/RFFE_DEMODSILAB_SUPP( 1871): [hsilab=0]silab_mutexCheck : SILAB_MUTEX_UNLOCK success
D/RFFE_DVBC( 1871): [hfms=0]dvbcfms_mutexCheck : DVBC_FMS_UNLOCK success
D/RFFE_DVBC( 1871): [hfms=0]dvbcfms_semCheck : Semunlock success!!!
D/TimerImpl( 2587): MsgHandler Wait
D/DEMUX_SECTION( 1871): DMXSECTIONDEBUG: BEGIN DUMP
D/RFFE_DVBC( 1871): [hfms=1]dvbcfms_semCheck : Semlock success!!!
D/RFFE_DVBC( 1871): [hfms=1]dvbcfms_mutexCheck : DVBC_FMS_LOCK success
D/RFFE_SILABS_LOGS( 1871): DVBC SQI: CNrel = CNrec - CNref[4] =  35.25 dB -  32.00 dB =   3.25 dB SQI=47 SSI=90 [BER ready ? =Y] ber=0.000043
D/RFFE_DVBC( 1871): [hfms=1]dvbcfms_monitorLock : Lock Status 1 Previous Lock Status 1
D/RFFE_DEMODSILAB_SUPP( 1871): [hsilab=1]silab_mutexCheck : SILAB_MUTEX_LOCK success
D/RFFE_SILABS_LOGS( 1871): DVBC SQI: CNrel = CNrec - CNref[4] =  35.00 dB -  32.00 dB =   3.00 dB SQI=47 SSI=90 [BER ready ? =Y] ber=0.000043
D/RFFE_DEMODSILAB_SUPP( 1871): [hsilab=1]silab_mutexCheck : SILAB_MUTEX_UNLOCK success
D/RFFE_DVBC( 1871): [hfms=1]dvbcfms_mutexCheck : DVBC_FMS_UNLOCK success
D/RFFE_DVBC( 1871): [hfms=1]dvbcfms_semCheck : Semunlock success!!!
D/RFFE_DVBC( 1871): [hfms=0]dvbcfms_semCheck : Semlock success!!!
D/RFFE_DVBC( 1871): [hfms=0]dvbcfms_mutexCheck : DVBC_FMS_LOCK success
D/RFFE_SILABS_LOGS( 1871): DVBC SQI: CNrel = CNrec - CNref[4] =  34.75 dB -  32.00 dB =   2.75 dB SQI=46 SSI=90 [BER ready ? =Y] ber=0.000037
D/RFFE_DVBC( 1871): [hfms=0]dvbcfms_monitorLock : Lock Status 1 Previous Lock Status 1
D/RFFE_DEMODSILAB_SUPP( 1871): [hsilab=0]silab_mutexCheck : SILAB_MUTEX_LOCK success
D/RFFE_SILABS_LOGS( 1871): DVBC SQI: CNrel = CNrec - CNref[4] =  34.75 dB -  32.00 dB =   2.75 dB SQI=46 SSI=90 [BER ready ? =Y] ber=0.000037
D/RFFE_DEMODSILAB_SUPP( 1871): [hsilab=0]silab_mutexCheck : SILAB_MUTEX_UNLOCK success
D/RFFE_DVBC( 1871): [hfms=0]dvbcfms_mutexCheck : DVBC_FMS_UNLOCK success
D/RFFE_DVBC( 1871): [hfms=0]dvbcfms_semCheck : Semunlock success!!!
D/        ( 1871): TVSettingsProviderService | NativeLibrary : getInt Done  for property=45 & value=2
