--------- beginning of /dev/log/main
I/InputReader( 2198): CursorInputMapper::sync NavigationMode=1
I/InputReader( 2198): CursorInputMapper::sync activeState=1
D/InputReader( 2198): InputReader wasAnyDPADKeydown: 0 pointingEnabled 1
I/v_hwc   ( 1872): hwc_draw_cursor_content(356) Draw image[i], success: src_width=0, src_height=42, dst_width=63, dst_height=63, transform=95
I/v_hwc   ( 1872): hwcSetCursor(544): cursor_width=42, cursor_height=63,cursor_format=0x132, cursor_stride=192,bpp=4, buffer_handle=0x3085af80, disp_rect={155,158,42,63}!
I/InputReader( 2198): CursorInputMapper::sync NavigationMode=1
I/InputReader( 2198): CursorInputMapper::sync activeState=1
D/InputReader( 2198): InputReader wasAnyDPADKeydown: 0 pointingEnabled 1
I/v_hwc   ( 1872): hwc_draw_cursor_content(356) Draw image[i], success: src_width=1, src_height=42, dst_width=63, dst_height=63, transform=95
I/v_hwc   ( 1872): hwcSetCursor(544): cursor_width=42, cursor_height=63,cursor_format=0x132, cursor_stride=192,bpp=4, buffer_handle=0x3085a770, disp_rect={154,158,42,63}!
D/        ( 1871): TVSettingsProviderService | NativeLibrary : getInt Done  for property=45 & value=2
I/InputReader( 2198): CursorInputMapper::sync NavigationMode=1
I/InputReader( 2198): CursorInputMapper::sync activeState=1
D/InputReader( 2198): InputReader wasAnyDPADKeydown: 0 pointingEnabled 1
I/v_hwc   ( 1872): hwc_draw_cursor_content(356) Draw image[i], success: src_width=2, src_height=42, dst_width=63, dst_height=63, transform=95
I/v_hwc   ( 1872): hwcSetCursor(544): cursor_width=42, cursor_height=63,cursor_format=0x132, cursor_stride=192,bpp=4, buffer_handle=0x3085af80, disp_rect={152,157,42,63}!
I/InputReader( 2198): CursorInputMapper::sync NavigationMode=1
I/InputReader( 2198): CursorInputMapper::sync activeState=1
D/InputReader( 2198): InputReader wasAnyDPADKeydown: 0 pointingEnabled 1
I/v_hwc   ( 1872): hwc_draw_cursor_content(356) Draw image[i], success: src_width=3, src_height=42, dst_width=63, dst_height=63, transform=95
I/v_hwc   ( 1872): hwcSetCursor(544): cursor_width=42, cursor_height=63,cursor_format=0x132, cursor_stride=192,bpp=4, buffer_handle=0x3085a770, disp_rect={150,156,42,63}!
D/RFFE_DVBC( 1871): [hfms=1]dvbcfms_semCheck : Semlock success!!!
D/RFFE_DVBC( 1871): [hfms=1]dvbcfms_mutexCheck : DVBC_FMS_LOCK success
D/RFFE_SILABS_LOGS( 1871): DVBC SQI: CNrel = CNrec - CNref[4] =  34.50 dB -  32.00 dB =   2.50 dB SQI=44 SSI=90 [BER ready ? =Y] ber=0.000041
D/RFFE_DVBC( 1871): [hfms=1]dvbcfms_monitorLock : Lock Status 1 Previous Lock Status 1
D/RFFE_DEMODSILAB_SUPP( 1871): [hsilab=1]silab_mutexCheck : SILAB_MUTEX_LOCK success
I/InputReader( 2198): CursorInputMapper::sync NavigationMode=1
I/InputReader( 2198): CursorInputMapper::sync activeState=1
D/InputReader( 2198): InputReader wasAnyDPADKeydown: 0 pointingEnabled 1
I/v_hwc   ( 1872): hwc_draw_cursor_content(356) Draw image[i], success: src_width=0, src_height=42, dst_width=63, dst_height=63, transform=95
I/v_hwc   ( 1872): hwcSetCursor(544): cursor_width=42, cursor_height=63,cursor_format=0x132, cursor_stride=192,bpp=4, buffer_handle=0x3085af80, disp_rect={146,154,42,63}!
I/InputReader( 2198): CursorInputMapper::sync NavigationMode=1
I/InputReader( 2198): CursorInputMapper::sync activeState=1
D/InputReader( 2198): InputReader wasAnyDPADKeydown: 0 pointingEnabled 1
D/WindowManager( 2198): User activity
D/TvInactivityService( 2198): User Activity
D/TvInactivityService( 2198): Cancelling timer
D/TvInactivityService( 2198): Resetting timers
I/v_hwc   ( 1872): hwc_draw_cursor_content(356) Draw image[i], success: src_width=1, src_height=42, dst_width=63, dst_height=63, transform=95
I/v_hwc   ( 1872): hwcSetCursor(544): cursor_width=42, cursor_height=63,cursor_format=0x132, cursor_stride=192,bpp=4, buffer_handle=0x3085a770, disp_rect={145,152,42,63}!
I/InputReader( 2198): CursorInputMapper::sync NavigationMode=1
I/InputReader( 2198): CursorInputMapper::sync activeState=1
D/InputReader( 2198): InputReader wasAnyDPADKeydown: 0 pointingEnabled 1
I/v_hwc   ( 1872): hwc_draw_cursor_content(356) Draw image[i], success: src_width=2, src_height=42, dst_width=63, dst_height=63, transform=95
I/v_hwc   ( 1872): hwcSetCursor(544): cursor_width=42, cursor_height=63,cursor_format=0x132, cursor_stride=192,bpp=4, buffer_handle=0x3085af80, disp_rect={144,150,42,63}!
D/RFFE_SILABS_LOGS( 1871): DVBC SQI: CNrel = CNrec - CNref[4] =  35.25 dB -  32.00 dB =   3.25 dB SQI=47 SSI=90 [BER ready ? =Y] ber=0.000043
D/RFFE_DEMODSILAB_SUPP( 1871): [hsilab=1]silab_mutexCheck : SILAB_MUTEX_UNLOCK success
D/RFFE_DVBC( 1871): [hfms=1]dvbcfms_mutexCheck : DVBC_FMS_UNLOCK success
D/RFFE_DVBC( 1871): [hfms=1]dvbcfms_semCheck : Semunlock success!!!
D/RFFE_DVBC( 1871): [hfms=0]dvbcfms_semCheck : Semlock success!!!
D/RFFE_DVBC( 1871): [hfms=0]dvbcfms_mutexCheck : DVBC_FMS_LOCK success
I/InputReader( 2198): CursorInputMapper::sync NavigationMode=1
I/InputReader( 2198): CursorInputMapper::sync activeState=1
D/InputReader( 2198): InputReader wasAnyDPADKeydown: 0 pointingEnabled 1
D/RFFE_SILABS_LOGS( 1871): DVBC SQI: CNrel = CNrec - CNref[4] =  34.75 dB -  32.00 dB =   2.75 dB SQI=45 SSI=90 [BER ready ? =Y] ber=0.000042
D/RFFE_DVBC( 1871): [hfms=0]dvbcfms_monitorLock : Lock Status 1 Previous Lock Status 1
D/RFFE_DEMODSILAB_SUPP( 1871): [hsilab=0]silab_mutexCheck : SILAB_MUTEX_LOCK success
I/v_hwc   ( 1872): hwc_draw_cursor_content(356) Draw image[i], success: src_width=3, src_height=42, dst_width=63, dst_height=63, transform=95
I/v_hwc   ( 1872): hwcSetCursor(544): cursor_width=42, cursor_height=63,cursor_format=0x132, cursor_stride=192,bpp=4, buffer_handle=0x3085a770, disp_rect={144,149,42,63}!
I/InputReader( 2198): CursorInputMapper::sync NavigationMode=1
I/InputReader( 2198): CursorInputMapper::sync activeState=1
D/InputReader( 2198): InputReader wasAnyDPADKeydown: 0 pointingEnabled 1
D/TimerImpl( 2587): MsgHandler Wait
I/v_hwc   ( 1872): hwc_draw_cursor_content(356) Draw image[i], success: src_width=0, src_height=42, dst_width=63, dst_height=63, transform=95
I/v_hwc   ( 1872): hwcSetCursor(544): cursor_width=42, cursor_height=63,cursor_format=0x132, cursor_stride=192,bpp=4, buffer_handle=0x3085af80, disp_rect={144,148,42,63}!
D/RFFE_SILABS_LOGS( 1871): DVBC SQI: CNrel = CNrec - CNref[4] =  35.00 dB -  32.00 dB =   3.00 dB SQI=47 SSI=90 [BER ready ? =Y] ber=0.000041
D/RFFE_DEMODSILAB_SUPP( 1871): [hsilab=0]silab_mutexCheck : SILAB_MUTEX_UNLOCK success
D/RFFE_DVBC( 1871): [hfms=0]dvbcfms_mutexCheck : DVBC_FMS_UNLOCK success
D/RFFE_DVBC( 1871): [hfms=0]dvbcfms_semCheck : Semunlock success!!!
I/InputReader( 2198): CursorInputMapper::sync NavigationMode=1
I/InputReader( 2198): CursorInputMapper::sync activeState=1
D/InputReader( 2198): InputReader wasAnyDPADKeydown: 0 pointingEnabled 1
I/v_hwc   ( 1872): hwc_draw_cursor_content(356) Draw image[i], success: src_width=1, src_height=42, dst_width=63, dst_height=63, transform=95
I/v_hwc   ( 1872): hwcSetCursor(544): cursor_width=42, cursor_height=63,cursor_format=0x132, cursor_stride=192,bpp=4, buffer_handle=0x3085a770, disp_rect={145,148,42,63}!
I/InputReader( 2198): CursorInputMapper::sync NavigationMode=1
I/InputReader( 2198): CursorInputMapper::sync activeState=1
D/InputReader( 2198): InputReader wasAnyDPADKeydown: 0 pointingEnabled 1
I/v_hwc   ( 1872): hwc_draw_cursor_content(356) Draw image[i], success: src_width=2, src_height=42, dst_width=63, dst_height=63, transform=95
I/v_hwc   ( 1872): hwcSetCursor(544): cursor_width=42, cursor_height=63,cursor_format=0x132, cursor_stride=192,bpp=4, buffer_handle=0x3085af80, disp_rect={146,147,42,63}!
I/InputReader( 2198): CursorInputMapper::sync NavigationMode=1
I/InputReader( 2198): CursorInputMapper::sync activeState=1
D/InputReader( 2198): InputReader wasAnyDPADKeydown: 0 pointingEnabled 1
I/v_hwc   ( 1872): hwc_draw_cursor_content(356) Draw image[i], success: src_width=3, src_height=42, dst_width=63, dst_height=63, transform=95
I/v_hwc   ( 1872): hwcSetCursor(544): cursor_width=42, cursor_height=63,cursor_format=0x132, cursor_stride=192,bpp=4, buffer_handle=0x3085a770, disp_rect={147,147,42,63}!
I/InputReader( 2198): CursorInputMapper::sync NavigationMode=1
I/InputReader( 2198): CursorInputMapper::sync activeState=1
D/InputReader( 2198): InputReader wasAnyDPADKeydown: 0 pointingEnabled 1
I/v_hwc   ( 1872): hwc_draw_cursor_content(356) Draw image[i], success: src_width=0, src_height=42, dst_width=63, dst_height=63, transform=95
I/v_hwc   ( 1872): hwcSetCursor(544): cursor_width=42, cursor_height=63,cursor_format=0x132, cursor_stride=192,bpp=4, buffer_handle=0x3085af80, disp_rect={148,147,42,63}!
I/InputReader( 2198): CursorInputMapper::sync NavigationMode=1
I/InputReader( 2198): CursorInputMapper::sync activeState=1
D/InputReader( 2198): InputReader wasAnyDPADKeydown: 0 pointingEnabled 1
I/v_hwc   ( 1872): hwc_draw_cursor_content(356) Draw image[i], success: src_width=1, src_height=42, dst_width=63, dst_height=63, transform=95
I/v_hwc   ( 1872): hwcSetCursor(544): cursor_width=42, cursor_height=63,cursor_format=0x132, cursor_stride=192,bpp=4, buffer_handle=0x3085a770, disp_rect={149,147,42,63}!
I/InputReader( 2198): CursorInputMapper::sync NavigationMode=1
I/InputReader( 2198): CursorInputMapper::sync activeState=1
D/InputReader( 2198): InputReader wasAnyDPADKeydown: 0 pointingEnabled 1
I/v_hwc   ( 1872): hwc_draw_cursor_content(356) Draw image[i], success: src_width=2, src_height=42, dst_width=63, dst_height=63, transform=95
I/v_hwc   ( 1872): hwcSetCursor(544): cursor_width=42, cursor_height=63,cursor_format=0x132, cursor_stride=192,bpp=4, buffer_handle=0x3085af80, disp_rect={149,146,42,63}!
I/InputReader( 2198): CursorInputMapper::sync NavigationMode=1
I/InputReader( 2198): CursorInputMapper::sync activeState=1
D/InputReader( 2198): InputReader wasAnyDPADKeydown: 0 pointingEnabled 1
I/v_hwc   ( 1872): hwc_draw_cursor_content(356) Draw image[i], success: src_width=3, src_height=42, dst_width=63, dst_height=63, transform=95
I/v_hwc   ( 1872): hwcSetCursor(544): cursor_width=42, cursor_height=63,cursor_format=0x132, cursor_stride=192,bpp=4, buffer_handle=0x3085a770, disp_rect={149,144,42,63}!
I/InputReader( 2198): CursorInputMapper::sync NavigationMode=1
I/InputReader( 2198): CursorInputMapper::sync activeState=1
D/InputReader( 2198): InputReader wasAnyDPADKeydown: 0 pointingEnabled 1
I/v_hwc   ( 1872): hwc_draw_cursor_content(356) Draw image[i], success: src_width=0, src_height=42, dst_width=63, dst_height=63, transform=95
I/v_hwc   ( 1872): hwcSetCursor(544): cursor_width=42, cursor_height=63,cursor_format=0x132, cursor_stride=192,bpp=4, buffer_handle=0x3085af80, disp_rect={149,140,42,63}!
I/InputReader( 2198): CursorInputMapper::sync NavigationMode=1
I/InputReader( 2198): CursorInputMapper::sync activeState=1
D/InputReader( 2198): InputReader wasAnyDPADKeydown: 0 pointingEnabled 1
I/v_hwc   ( 1872): hwc_draw_cursor_content(356) Draw image[i], success: src_width=1, src_height=42, dst_width=63, dst_height=63, transform=95
I/v_hwc   ( 1872): hwcSetCursor(544): cursor_width=42, cursor_height=63,cursor_format=0x132, cursor_stride=192,bpp=4, buffer_handle=0x3085a770, disp_rect={149,136,42,63}!
--------- beginning of /dev/log/system
V/AlarmManager( 2198): Checking for alarms... rtc=1412004309538, elapsed=28183705
V/AlarmManager( 2198): Checking active alarm when=1412004309538 Alarm{2c7b00f8 type 1 com.android.vending}
V/AlarmManager( 2198): Alarm triggering: Alarm{2c7b00f8 type 1 com.android.vending}
V/AlarmManager( 2198): Checking active alarm when=1412004330000 Alarm{2c6cd6c0 type 1 org.droidtv.settings}
V/AlarmManager( 2198): sending alarm Alarm{2c7b00f8 type 1 com.android.vending}
I/InputReader( 2198): CursorInputMapper::sync NavigationMode=1
I/InputReader( 2198): CursorInputMapper::sync activeState=1
D/InputReader( 2198): InputReader wasAnyDPADKeydown: 0 pointingEnabled 1
I/v_hwc   ( 1872): hwc_draw_cursor_content(356) Draw image[i], success: src_width=2, src_height=42, dst_width=63, dst_height=63, transform=95
I/v_hwc   ( 1872): hwcSetCursor(544): cursor_width=42, cursor_height=63,cursor_format=0x132, cursor_stride=192,bpp=4, buffer_handle=0x3085af80, disp_rect={149,133,42,63}!
W/pqdrivers/pqtempsensordrv/mctrl( 1871): [src/comps/pqtempsensordrv/src/pqtempsensordrv_mctrl.c:142]: m_instance.power_mode == POWERMODE_ON failed
E/pqcontrol/genatv/tmpctrl/meas( 1871): Error code (8:STATUS_ERR_INVALID_STATE) failed at src/comps/tpvatvGenericAutoTv/src/comps/tpvatvTempControlMeas/src/tpvatvTempControlMeas.c:getTconCtrlTemperature:355
I/InputReader( 2198): CursorInputMapper::sync NavigationMode=1
I/InputReader( 2198): CursorInputMapper::sync activeState=1
D/InputReader( 2198): InputReader wasAnyDPADKeydown: 0 pointingEnabled 1
I/v_hwc   ( 1872): hwc_draw_cursor_content(356) Draw image[i], success: src_width=3, src_height=42, dst_width=63, dst_height=63, transform=95
I/v_hwc   ( 1872): hwcSetCursor(544): cursor_width=42, cursor_height=63,cursor_format=0x132, cursor_stride=192,bpp=4, buffer_handle=0x3085a770, disp_rect={149,130,42,63}!
I/InputReader( 2198): CursorInputMapper::sync NavigationMode=1
I/InputReader( 2198): CursorInputMapper::sync activeState=1
D/InputReader( 2198): InputReader wasAnyDPADKeydown: 0 pointingEnabled 1
I/v_hwc   ( 1872): hwc_draw_cursor_content(356) Draw image[i], success: src_width=0, src_height=42, dst_width=63, dst_height=63, transform=95
I/v_hwc   ( 1872): hwcSetCursor(544): cursor_width=42, cursor_height=63,cursor_format=0x132, cursor_stride=192,bpp=4, buffer_handle=0x3085af80, disp_rect={149,128,42,63}!
I/InputReader( 2198): CursorInputMapper::sync NavigationMode=1
I/InputReader( 2198): CursorInputMapper::sync activeState=1
D/InputReader( 2198): InputReader wasAnyDPADKeydown: 0 pointingEnabled 1
I/v_hwc   ( 1872): hwc_draw_cursor_content(356) Draw image[i], success: src_width=1, src_height=42, dst_width=63, dst_height=63, transform=95
I/v_hwc   ( 1872): hwcSetCursor(544): cursor_width=42, cursor_height=63,cursor_format=0x132, cursor_stride=192,bpp=4, buffer_handle=0x3085a770, disp_rect={149,127,42,63}!
I/InputReader( 2198): CursorInputMapper::sync NavigationMode=1
I/InputReader( 2198): CursorInputMapper::sync activeState=1
D/InputReader( 2198): InputReader wasAnyDPADKeydown: 0 pointingEnabled 1
D/Finsky  ( 2407): [1] 5.onFinished: Installation state replication succeeded.
I/v_hwc   ( 1872): hwc_draw_cursor_content(356) Draw image[i], success: src_width=2, src_height=42, dst_width=63, dst_height=63, transform=95
I/v_hwc   ( 1872): hwcSetCursor(544): cursor_width=42, cursor_height=63,cursor_format=0x132, cursor_stride=192,bpp=4, buffer_handle=0x3085af80, disp_rect={150,126,42,63}!
I/InputReader( 2198): CursorInputMapper::sync NavigationMode=1
I/InputReader( 2198): CursorInputMapper::sync activeState=1
D/InputReader( 2198): InputReader wasAnyDPADKeydown: 0 pointingEnabled 1
I/v_hwc   ( 1872): hwc_draw_cursor_content(356) Draw image[i], success: src_width=3, src_height=42, dst_width=63, dst_height=63, transform=95
I/v_hwc   ( 1872): hwcSetCursor(544): cursor_width=42, cursor_height=63,cursor_format=0x132, cursor_stride=192,bpp=4, buffer_handle=0x3085a770, disp_rect={150,124,42,63}!
I/InputReader( 2198): CursorInputMapper::sync NavigationMode=1
I/InputReader( 2198): CursorInputMapper::sync activeState=1
D/InputReader( 2198): InputReader wasAnyDPADKeydown: 0 pointingEnabled 1
D/WindowManager( 2198): User activity
D/TvInactivityService( 2198): User Activity
D/TvInactivityService( 2198): Cancelling timer
D/TvInactivityService( 2198): Resetting timers
I/v_hwc   ( 1872): hwc_draw_cursor_content(356) Draw image[i], success: src_width=0, src_height=42, dst_width=63, dst_height=63, transform=95
I/v_hwc   ( 1872): hwcSetCursor(544): cursor_width=42, cursor_height=63,cursor_format=0x132, cursor_stride=192,bpp=4, buffer_handle=0x3085af80, disp_rect={150,117,42,63}!
I/InputReader( 2198): CursorInputMapper::sync NavigationMode=1
I/InputReader( 2198): CursorInputMapper::sync activeState=1
D/InputReader( 2198): InputReader wasAnyDPADKeydown: 0 pointingEnabled 1
I/v_hwc   ( 1872): hwc_draw_cursor_content(356) Draw image[i], success: src_width=1, src_height=42, dst_width=63, dst_height=63, transform=95
I/v_hwc   ( 1872): hwcSetCursor(544): cursor_width=42, cursor_height=63,cursor_format=0x132, cursor_stride=192,bpp=4, buffer_handle=0x3085a770, disp_rect={150,107,42,63}!
D/RFFE_DVBC( 1871): [hfms=1]dvbcfms_semCheck : Semlock success!!!
D/RFFE_DVBC( 1871): [hfms=1]dvbcfms_mutexCheck : DVBC_FMS_LOCK success
I/InputReader( 2198): CursorInputMapper::sync NavigationMode=1
I/InputReader( 2198): CursorInputMapper::sync activeState=1
D/InputReader( 2198): InputReader wasAnyDPADKeydown: 0 pointingEnabled 1
D/RFFE_SILABS_LOGS( 1871): DVBC SQI: CNrel = CNrec - CNref[4] =  35.00 dB -  32.00 dB =   3.00 dB SQI=48 SSI=90 [BER ready ? =Y] ber=0.000040
D/RFFE_DVBC( 1871): [hfms=1]dvbcfms_monitorLock : Lock Status 1 Previous Lock Status 1
D/RFFE_DEMODSILAB_SUPP( 1871): [hsilab=1]silab_mutexCheck : SILAB_MUTEX_LOCK success
I/v_hwc   ( 1872): hwc_draw_cursor_content(356) Draw image[i], success: src_width=2, src_height=42, dst_width=63, dst_height=63, transform=95
I/v_hwc   ( 1872): hwcSetCursor(544): cursor_width=42, cursor_height=63,cursor_format=0x132, cursor_stride=192,bpp=4, buffer_handle=0x3085af80, disp_rect={150,96,42,63}!
I/InputReader( 2198): CursorInputMapper::sync NavigationMode=1
I/InputReader( 2198): CursorInputMapper::sync activeState=1
D/InputReader( 2198): InputReader wasAnyDPADKeydown: 0 pointingEnabled 1
D/TimerImpl( 2587): MsgHandler Wait
I/InputReader( 2198): CursorInputMapper::sync NavigationMode=1
I/InputReader( 2198): CursorInputMapper::sync NavigationMode=1
I/v_hwc   ( 1872): hwc_draw_cursor_content(356) Draw image[i], success: src_width=3, src_height=42, dst_width=63, dst_height=63, transform=95
I/v_hwc   ( 1872): hwcSetCursor(544): cursor_width=42, cursor_height=63,cursor_format=0x132, cursor_stride=192,bpp=4, buffer_handle=0x3085a770, disp_rect={150,85,42,63}!
I/v_hwc   ( 1872): hwc_draw_cursor_content(356) Draw image[i], success: src_width=0, src_height=42, dst_width=63, dst_height=63, transform=95
I/v_hwc   ( 1872): hwcSetCursor(544): cursor_width=42, cursor_height=63,cursor_format=0x132, cursor_stride=192,bpp=4, buffer_handle=0x3085af80, disp_rect={150,85,42,63}!
I/InputReader( 2198): CursorInputMapper::sync NavigationMode=1
I/InputReader( 2198): CursorInputMapper::sync activeState=1
D/InputReader( 2198): InputReader wasAnyDPADKeydown: 0 pointingEnabled 1
I/v_hwc   ( 1872): hwc_draw_cursor_content(356) Draw image[i], success: src_width=1, src_height=42, dst_width=63, dst_height=63, transform=95
I/v_hwc   ( 1872): hwcSetCursor(544): cursor_width=42, cursor_height=63,cursor_format=0x132, cursor_stride=192,bpp=4, buffer_handle=0x3085a770, disp_rect={150,85,42,63}!
D/DEMUX_SECTION( 1871): DMXSECTIONDEBUG: BEGIN DUMP
I/InputReader( 2198): CursorInputMapper::sync NavigationMode=1
I/InputReader( 2198): CursorInputMapper::sync activeState=1
D/InputReader( 2198): InputReader wasAnyDPADKeydown: 0 pointingEnabled 1
D/RFFE_SILABS_LOGS( 1871): DVBC SQI: CNrel = CNrec - CNref[4] =  35.00 dB -  32.00 dB =   3.00 dB SQI=48 SSI=90 [BER ready ? =Y] ber=0.000040
D/RFFE_DEMODSILAB_SUPP( 1871): [hsilab=1]silab_mutexCheck : SILAB_MUTEX_UNLOCK success
D/RFFE_DVBC( 1871): [hfms=1]dvbcfms_mutexCheck : DVBC_FMS_UNLOCK success
D/RFFE_DVBC( 1871): [hfms=1]dvbcfms_semCheck : Semunlock success!!!
D/RFFE_DVBC( 1871): [hfms=0]dvbcfms_semCheck : Semlock success!!!
D/RFFE_DVBC( 1871): [hfms=0]dvbcfms_mutexCheck : DVBC_FMS_LOCK success
I/v_hwc   ( 1872): hwc_draw_cursor_content(356) Draw image[i], success: src_width=2, src_height=42, dst_width=63, dst_height=63, transform=95
I/v_hwc   ( 1872): hwcSetCursor(544): cursor_width=42, cursor_height=63,cursor_format=0x132, cursor_stride=192,bpp=4, buffer_handle=0x3085af80, disp_rect={150,78,42,63}!
D/RFFE_SILABS_LOGS( 1871): DVBC SQI: CNrel = CNrec - CNref[4] =  35.00 dB -  32.00 dB =   3.00 dB SQI=48 SSI=90 [BER ready ? =Y] ber=0.000040
D/RFFE_DVBC( 1871): [hfms=0]dvbcfms_monitorLock : Lock Status 1 Previous Lock Status 1
D/RFFE_DEMODSILAB_SUPP( 1871): [hsilab=0]silab_mutexCheck : SILAB_MUTEX_LOCK success
I/InputReader( 2198): CursorInputMapper::sync NavigationMode=1
I/InputReader( 2198): CursorInputMapper::sync activeState=1
D/InputReader( 2198): InputReader wasAnyDPADKeydown: 0 pointingEnabled 1
I/v_hwc   ( 1872): hwc_draw_cursor_content(356) Draw image[i], success: src_width=3, src_height=42, dst_width=63, dst_height=63, transform=95
I/v_hwc   ( 1872): hwcSetCursor(544): cursor_width=42, cursor_height=63,cursor_format=0x132, cursor_stride=192,bpp=4, buffer_handle=0x3085a770, disp_rect={150,74,42,63}!
I/v_hwc   ( 1872): hwc_draw_cursor_content(356) Draw image[i], success: src_width=0, src_height=42, dst_width=63, dst_height=63, transform=95
I/v_hwc   ( 1872): hwcSetCursor(544): cursor_width=42, cursor_height=63,cursor_format=0x132, cursor_stride=192,bpp=4, buffer_handle=0x3085af80, disp_rect={150,71,42,63}!
I/InputReader( 2198): CursorInputMapper::sync NavigationMode=1
I/InputReader( 2198): CursorInputMapper::sync activeState=1
D/InputReader( 2198): InputReader wasAnyDPADKeydown: 0 pointingEnabled 1
I/v_hwc   ( 1872): hwc_draw_cursor_content(356) Draw image[i], success: src_width=1, src_height=42, dst_width=63, dst_height=63, transform=95
I/v_hwc   ( 1872): hwcSetCursor(544): cursor_width=42, cursor_height=63,cursor_format=0x132, cursor_stride=192,bpp=4, buffer_handle=0x3085a770, disp_rect={150,72,42,63}!
D/RFFE_SILABS_LOGS( 1871): DVBC SQI: CNrel = CNrec - CNref[4] =  34.75 dB -  32.00 dB =   2.75 dB SQI=47 SSI=90 [BER ready ? =Y] ber=0.000034
D/RFFE_DEMODSILAB_SUPP( 1871): [hsilab=0]silab_mutexCheck : SILAB_MUTEX_UNLOCK success
D/RFFE_DVBC( 1871): [hfms=0]dvbcfms_mutexCheck : DVBC_FMS_UNLOCK success
D/RFFE_DVBC( 1871): [hfms=0]dvbcfms_semCheck : Semunlock success!!!
I/InputReader( 2198): CursorInputMapper::sync NavigationMode=1
I/InputReader( 2198): CursorInputMapper::sync activeState=1
D/InputReader( 2198): InputReader wasAnyDPADKeydown: 0 pointingEnabled 1
I/v_hwc   ( 1872): hwc_draw_cursor_content(356) Draw image[i], success: src_width=2, src_height=42, dst_width=63, dst_height=63, transform=95
I/v_hwc   ( 1872): hwcSetCursor(544): cursor_width=42, cursor_height=63,cursor_format=0x132, cursor_stride=192,bpp=4, buffer_handle=0x3085af80, disp_rect={150,73,42,63}!
I/InputReader( 2198): CursorInputMapper::sync NavigationMode=1
I/InputReader( 2198): CursorInputMapper::sync activeState=1
D/InputReader( 2198): InputReader wasAnyDPADKeydown: 0 pointingEnabled 1
I/v_hwc   ( 1872): hwc_draw_cursor_content(356) Draw image[i], success: src_width=3, src_height=42, dst_width=63, dst_height=63, transform=95
I/v_hwc   ( 1872): hwcSetCursor(544): cursor_width=42, cursor_height=63,cursor_format=0x132, cursor_stride=192,bpp=4, buffer_handle=0x3085a770, disp_rect={149,72,42,63}!
I/InputReader( 2198): CursorInputMapper::sync NavigationMode=1
I/InputReader( 2198): CursorInputMapper::sync activeState=1
D/InputReader( 2198): InputReader wasAnyDPADKeydown: 0 pointingEnabled 1
I/v_hwc   ( 1872): hwc_draw_cursor_content(356) Draw image[i], success: src_width=0, src_height=42, dst_width=63, dst_height=63, transform=95
I/v_hwc   ( 1872): hwcSetCursor(544): cursor_width=42, cursor_height=63,cursor_format=0x132, cursor_stride=192,bpp=4, buffer_handle=0x3085af80, disp_rect={148,71,42,63}!
I/InputReader( 2198): CursorInputMapper::sync NavigationMode=1
I/InputReader( 2198): CursorInputMapper::sync activeState=1
D/InputReader( 2198): InputReader wasAnyDPADKeydown: 0 pointingEnabled 1
I/v_hwc   ( 1872): hwc_draw_cursor_content(356) Draw image[i], success: src_width=1, src_height=42, dst_width=63, dst_height=63, transform=95
I/v_hwc   ( 1872): hwcSetCursor(544): cursor_width=42, cursor_height=63,cursor_format=0x132, cursor_stride=192,bpp=4, buffer_handle=0x3085a770, disp_rect={147,71,42,63}!
I/InputReader( 2198): CursorInputMapper::sync NavigationMode=1
I/InputReader( 2198): CursorInputMapper::sync activeState=1
D/InputReader( 2198): InputReader wasAnyDPADKeydown: 0 pointingEnabled 1
I/v_hwc   ( 1872): hwc_draw_cursor_content(356) Draw image[i], success: src_width=2, src_height=42, dst_width=63, dst_height=63, transform=95
I/v_hwc   ( 1872): hwcSetCursor(544): cursor_width=42, cursor_height=63,cursor_format=0x132, cursor_stride=192,bpp=4, buffer_handle=0x3085af80, disp_rect={146,71,42,63}!
I/InputReader( 2198): CursorInputMapper::sync NavigationMode=1
I/InputReader( 2198): CursorInputMapper::sync activeState=1
D/InputReader( 2198): InputReader wasAnyDPADKeydown: 0 pointingEnabled 1
I/v_hwc   ( 1872): hwc_draw_cursor_content(356) Draw image[i], success: src_width=3, src_height=42, dst_width=63, dst_height=63, transform=95
I/v_hwc   ( 1872): hwcSetCursor(544): cursor_width=42, cursor_height=63,cursor_format=0x132, cursor_stride=192,bpp=4, buffer_handle=0x3085a770, disp_rect={145,72,42,63}!
I/InputReader( 2198): CursorInputMapper::sync NavigationMode=1
I/InputReader( 2198): CursorInputMapper::sync activeState=1
D/InputReader( 2198): InputReader wasAnyDPADKeydown: 0 pointingEnabled 1
I/v_hwc   ( 1872): hwc_draw_cursor_content(356) Draw image[i], success: src_width=0, src_height=42, dst_width=63, dst_height=63, transform=95
I/v_hwc   ( 1872): hwcSetCursor(544): cursor_width=42, cursor_height=63,cursor_format=0x132, cursor_stride=192,bpp=4, buffer_handle=0x3085af80, disp_rect={145,73,42,63}!
I/InputReader( 2198): CursorInputMapper::sync NavigationMode=1
I/InputReader( 2198): CursorInputMapper::sync activeState=1
D/InputReader( 2198): InputReader wasAnyDPADKeydown: 0 pointingEnabled 1
D/        ( 1871): TVSettingsProviderService | NativeLibrary : getInt Done  for property=45 & value=2
I/v_hwc   ( 1872): hwc_draw_cursor_content(356) Draw image[i], success: src_width=1, src_height=42, dst_width=63, dst_height=63, transform=95
I/v_hwc   ( 1872): hwcSetCursor(544): cursor_width=42, cursor_height=63,cursor_format=0x132, cursor_stride=192,bpp=4, buffer_handle=0x3085a770, disp_rect={145,74,42,63}!
I/InputReader( 2198): CursorInputMapper::sync NavigationMode=1
I/InputReader( 2198): CursorInputMapper::sync activeState=1
D/InputReader( 2198): InputReader wasAnyDPADKeydown: 0 pointingEnabled 1
I/v_hwc   ( 1872): hwc_draw_cursor_content(356) Draw image[i], success: src_width=2, src_height=42, dst_width=63, dst_height=63, transform=95
I/v_hwc   ( 1872): hwcSetCursor(544): cursor_width=42, cursor_height=63,cursor_format=0x132, cursor_stride=192,bpp=4, buffer_handle=0x3085af80, disp_rect={144,74,42,63}!
I/InputReader( 2198): CursorInputMapper::sync NavigationMode=1
I/InputReader( 2198): CursorInputMapper::sync activeState=1
D/InputReader( 2198): InputReader wasAnyDPADKeydown: 0 pointingEnabled 1
I/v_hwc   ( 1872): hwc_draw_cursor_content(356) Draw image[i], success: src_width=3, src_height=42, dst_width=63, dst_height=63, transform=95
I/v_hwc   ( 1872): hwcSetCursor(544): cursor_width=42, cursor_height=63,cursor_format=0x132, cursor_stride=192,bpp=4, buffer_handle=0x3085a770, disp_rect={142,74,42,63}!
I/InputReader( 2198): CursorInputMapper::sync NavigationMode=1
I/InputReader( 2198): CursorInputMapper::sync activeState=1
D/InputReader( 2198): InputReader wasAnyDPADKeydown: 0 pointingEnabled 1
I/v_hwc   ( 1872): hwc_draw_cursor_content(356) Draw image[i], success: src_width=0, src_height=42, dst_width=63, dst_height=63, transform=95
I/v_hwc   ( 1872): hwcSetCursor(544): cursor_width=42, cursor_height=63,cursor_format=0x132, cursor_stride=192,bpp=4, buffer_handle=0x3085af80, disp_rect={138,74,42,63}!
I/InputReader( 2198): CursorInputMapper::sync NavigationMode=1
I/InputReader( 2198): CursorInputMapper::sync activeState=1
D/InputReader( 2198): InputReader wasAnyDPADKeydown: 0 pointingEnabled 1
I/v_hwc   ( 1872): hwc_draw_cursor_content(356) Draw image[i], success: src_width=1, src_height=42, dst_width=63, dst_height=63, transform=95
I/v_hwc   ( 1872): hwcSetCursor(544): cursor_width=42, cursor_height=63,cursor_format=0x132, cursor_stride=192,bpp=4, buffer_handle=0x3085a770, disp_rect={136,73,42,63}!
I/InputReader( 2198): CursorInputMapper::sync NavigationMode=1
I/InputReader( 2198): CursorInputMapper::sync activeState=1
D/InputReader( 2198): InputReader wasAnyDPADKeydown: 0 pointingEnabled 1
I/v_hwc   ( 1872): hwc_draw_cursor_content(356) Draw image[i], success: src_width=2, src_height=42, dst_width=63, dst_height=63, transform=95
I/v_hwc   ( 1872): hwcSetCursor(544): cursor_width=42, cursor_height=63,cursor_format=0x132, cursor_stride=192,bpp=4, buffer_handle=0x3085af80, disp_rect={134,73,42,63}!
I/InputReader( 2198): CursorInputMapper::sync NavigationMode=1
I/InputReader( 2198): CursorInputMapper::sync activeState=1
D/InputReader( 2198): InputReader wasAnyDPADKeydown: 0 pointingEnabled 1
D/WindowManager( 2198): User activity
D/TvInactivityService( 2198): User Activity
D/TvInactivityService( 2198): Cancelling timer
D/TvInactivityService( 2198): Resetting timers
I/v_hwc   ( 1872): hwc_draw_cursor_content(356) Draw image[i], success: src_width=3, src_height=42, dst_width=63, dst_height=63, transform=95
I/v_hwc   ( 1872): hwcSetCursor(544): cursor_width=42, cursor_height=63,cursor_format=0x132, cursor_stride=192,bpp=4, buffer_handle=0x3085a770, disp_rect={132,73,42,63}!
I/InputReader( 2198): CursorInputMapper::sync NavigationMode=1
I/InputReader( 2198): CursorInputMapper::sync activeState=1
D/InputReader( 2198): InputReader wasAnyDPADKeydown: 0 pointingEnabled 1
I/v_hwc   ( 1872): hwc_draw_cursor_content(356) Draw image[i], success: src_width=0, src_height=42, dst_width=63, dst_height=63, transform=95
I/v_hwc   ( 1872): hwcSetCursor(544): cursor_width=42, cursor_height=63,cursor_format=0x132, cursor_stride=192,bpp=4, buffer_handle=0x3085af80, disp_rect={130,73,42,63}!
I/InputReader( 2198): CursorInputMapper::sync NavigationMode=1
I/InputReader( 2198): CursorInputMapper::sync activeState=1
D/InputReader( 2198): InputReader wasAnyDPADKeydown: 0 pointingEnabled 1
D/TimerImpl( 2587): MsgHandler Wait
I/pqdrivers/pqnt314drv/mdrv( 1871): Novatek Watchdog [0xFC, 0xFD, 0xFE, 0xFF] = [0x 0, 0x 0, 0x31, 0x72]
I/v_hwc   ( 1872): hwc_draw_cursor_content(356) Draw image[i], success: src_width=1, src_height=42, dst_width=63, dst_height=63, transform=95
I/v_hwc   ( 1872): hwcSetCursor(544): cursor_width=42, cursor_height=63,cursor_format=0x132, cursor_stride=192,bpp=4, buffer_handle=0x3085a770, disp_rect={129,73,42,63}!
D/RFFE_DVBC( 1871): [hfms=1]dvbcfms_semCheck : Semlock success!!!
D/RFFE_DVBC( 1871): [hfms=1]dvbcfms_mutexCheck : DVBC_FMS_LOCK success
D/RFFE_SILABS_LOGS( 1871): DVBC SQI: CNrel = CNrec - CNref[4] =  35.00 dB -  32.00 dB =   3.00 dB SQI=49 SSI=90 [BER ready ? =Y] ber=0.000036
D/RFFE_DVBC( 1871): [hfms=1]dvbcfms_monitorLock : Lock Status 1 Previous Lock Status 1
D/RFFE_DEMODSILAB_SUPP( 1871): [hsilab=1]silab_mutexCheck : SILAB_MUTEX_LOCK success
I/InputReader( 2198): CursorInputMapper::sync NavigationMode=1
I/InputReader( 2198): CursorInputMapper::sync activeState=1
D/InputReader( 2198): InputReader wasAnyDPADKeydown: 0 pointingEnabled 1
I/v_hwc   ( 1872): hwc_draw_cursor_content(356) Draw image[i], success: src_width=2, src_height=42, dst_width=63, dst_height=63, transform=95
I/v_hwc   ( 1872): hwcSetCursor(544): cursor_width=42, cursor_height=63,cursor_format=0x132, cursor_stride=192,bpp=4, buffer_handle=0x3085af80, disp_rect={129,72,42,63}!
I/InputReader( 2198): CursorInputMapper::sync NavigationMode=1
I/InputReader( 2198): CursorInputMapper::sync activeState=1
D/InputReader( 2198): InputReader wasAnyDPADKeydown: 0 pointingEnabled 1
I/v_hwc   ( 1872): hwc_draw_cursor_content(356) Draw image[i], success: src_width=3, src_height=42, dst_width=63, dst_height=63, transform=95
I/v_hwc   ( 1872): hwcSetCursor(544): cursor_width=42, cursor_height=63,cursor_format=0x132, cursor_stride=192,bpp=4, buffer_handle=0x3085a770, disp_rect={128,71,42,63}!
D/RFFE_SILABS_LOGS( 1871): DVBC SQI: CNrel = CNrec - CNref[4] =  35.00 dB -  32.00 dB =   3.00 dB SQI=49 SSI=90 [BER ready ? =Y] ber=0.000036
D/RFFE_DEMODSILAB_SUPP( 1871): [hsilab=1]silab_mutexCheck : SILAB_MUTEX_UNLOCK success
D/RFFE_DVBC( 1871): [hfms=1]dvbcfms_mutexCheck : DVBC_FMS_UNLOCK success
D/RFFE_DVBC( 1871): [hfms=1]dvbcfms_semCheck : Semunlock success!!!
D/RFFE_DVBC( 1871): [hfms=0]dvbcfms_semCheck : Semlock success!!!
D/RFFE_DVBC( 1871): [hfms=0]dvbcfms_mutexCheck : DVBC_FMS_LOCK success
I/InputReader( 2198): CursorInputMapper::sync NavigationMode=1
I/InputReader( 2198): CursorInputMapper::sync activeState=1
D/InputReader( 2198): InputReader wasAnyDPADKeydown: 0 pointingEnabled 1
D/RFFE_SILABS_LOGS( 1871): DVBC SQI: CNrel = CNrec - CNref[4] =  35.00 dB -  32.00 dB =   3.00 dB SQI=49 SSI=90 [BER ready ? =Y] ber=0.000036
D/RFFE_DVBC( 1871): [hfms=0]dvbcfms_monitorLock : Lock Status 1 Previous Lock Status 1
D/RFFE_DEMODSILAB_SUPP( 1871): [hsilab=0]silab_mutexCheck : SILAB_MUTEX_LOCK success
I/v_hwc   ( 1872): hwc_draw_cursor_content(356) Draw image[i], success: src_width=0, src_height=42, dst_width=63, dst_height=63, transform=95
I/v_hwc   ( 1872): hwcSetCursor(544): cursor_width=42, cursor_height=63,cursor_format=0x132, cursor_stride=192,bpp=4, buffer_handle=0x3085af80, disp_rect={126,70,42,63}!
I/InputReader( 2198): CursorInputMapper::sync NavigationMode=1
I/InputReader( 2198): CursorInputMapper::sync activeState=1
D/InputReader( 2198): InputReader wasAnyDPADKeydown: 0 pointingEnabled 1
I/v_hwc   ( 1872): hwc_draw_cursor_content(356) Draw image[i], success: src_width=1, src_height=42, dst_width=63, dst_height=63, transform=95
I/v_hwc   ( 1872): hwcSetCursor(544): cursor_width=42, cursor_height=63,cursor_format=0x132, cursor_stride=192,bpp=4, buffer_handle=0x3085a770, disp_rect={125,69,42,63}!
I/InputReader( 2198): CursorInputMapper::sync NavigationMode=1
I/InputReader( 2198): CursorInputMapper::sync activeState=1
D/InputReader( 2198): InputReader wasAnyDPADKeydown: 0 pointingEnabled 1
I/v_hwc   ( 1872): hwc_draw_cursor_content(356) Draw image[i], success: src_width=2, src_height=42, dst_width=63, dst_height=63, transform=95
I/v_hwc   ( 1872): hwcSetCursor(544): cursor_width=42, cursor_height=63,cursor_format=0x132, cursor_stride=192,bpp=4, buffer_handle=0x3085af80, disp_rect={125,68,42,63}!
I/InputReader( 2198): CursorInputMapper::sync NavigationMode=1
I/InputReader( 2198): CursorInputMapper::sync activeState=1
D/InputReader( 2198): InputReader wasAnyDPADKeydown: 0 pointingEnabled 1
D/RFFE_SILABS_LOGS( 1871): DVBC SQI: CNrel = CNrec - CNref[4] =  34.25 dB -  32.00 dB =   2.25 dB SQI=44 SSI=90 [BER ready ? =Y] ber=0.000038
D/RFFE_DEMODSILAB_SUPP( 1871): [hsilab=0]silab_mutexCheck : SILAB_MUTEX_UNLOCK success
D/RFFE_DVBC( 1871): [hfms=0]dvbcfms_mutexCheck : DVBC_FMS_UNLOCK success
D/RFFE_DVBC( 1871): [hfms=0]dvbcfms_semCheck : Semunlock success!!!
I/v_hwc   ( 1872): hwc_draw_cursor_content(356) Draw image[i], success: src_width=3, src_height=42, dst_width=63, dst_height=63, transform=95
I/v_hwc   ( 1872): hwcSetCursor(544): cursor_width=42, cursor_height=63,cursor_format=0x132, cursor_stride=192,bpp=4, buffer_handle=0x3085a770, disp_rect={125,67,42,63}!
I/InputReader( 2198): CursorInputMapper::sync NavigationMode=1
I/InputReader( 2198): CursorInputMapper::sync activeState=1
D/InputReader( 2198): InputReader wasAnyDPADKeydown: 0 pointingEnabled 1
I/v_hwc   ( 1872): hwc_draw_cursor_content(356) Draw image[i], success: src_width=0, src_height=42, dst_width=63, dst_height=63, transform=95
I/v_hwc   ( 1872): hwcSetCursor(544): cursor_width=42, cursor_height=63,cursor_format=0x132, cursor_stride=192,bpp=4, buffer_handle=0x3085af80, disp_rect={126,67,42,63}!
I/InputReader( 2198): CursorInputMapper::sync NavigationMode=1
I/InputReader( 2198): CursorInputMapper::sync activeState=1
D/InputReader( 2198): InputReader wasAnyDPADKeydown: 0 pointingEnabled 1
I/v_hwc   ( 1872): hwc_draw_cursor_content(356) Draw image[i], success: src_width=1, src_height=42, dst_width=63, dst_height=63, transform=95
I/v_hwc   ( 1872): hwcSetCursor(544): cursor_width=42, cursor_height=63,cursor_format=0x132, cursor_stride=192,bpp=4, buffer_handle=0x3085a770, disp_rect={126,67,42,63}!
D/DEMUX_SECTION( 1871): DMXSECTIONDEBUG: BEGIN DUMP
D/org.droidtv.xtv.xtvnsd.xtvnsdserver( 2445): registerService: isActiveInterfaceAvailable eth0 
D/org.droidtv.xtv.xtvnsd.xtvnsdserver( 2445): getActiveNetworkIpAddress: Printing the IP address for Ethernet 192.168.1.147
D/org.droidtv.xtv.xtvnsd.xtvnsdserver( 2445): registerService: Registering with HOST IP Address : 192.168.1.147
D/org.droidtv.xtv.xtvnsd.xtvnsdserver( 2445): registerService: PrinTING nsd service information : name: 5_PhilipsTvtype: _philipstv_rpc._tcp.host: /192.168.1.147port: 1925txtRecord: null
D/org.droidtv.xtv.xtvnsd.xtvnsdserver( 2445): onUnregistrationFailed: Failed to unregister the service
D/NsdService( 2198): Register service
D/NsdService( 2198): Exceeded max outstanding requests mChannel com.android.internal.util.AsyncChannel@2c7974f8
D/NsdService( 2198): mMessenger android.os.Messenger@2c797498
D/NsdService( 2198): mResolvedService null
D/NsdService( 2198): clientId 1 mDnsId 2
D/NsdService( 2198): clientId 2 mDnsId 3
D/NsdService( 2198): clientId 3 mDnsId 4
D/NsdService( 2198): clientId 4 mDnsId 5
D/NsdService( 2198): clientId 5 mDnsId 6
D/NsdService( 2198): clientId 6 mDnsId 7
D/NsdService( 2198): clientId 7 mDnsId 8
D/NsdService( 2198): clientId 8 mDnsId 9
D/NsdService( 2198): clientId 9 mDnsId 10
D/NsdService( 2198): clientId 10 mDnsId 11
I/InputReader( 2198): CursorInputMapper::sync NavigationMode=1
I/InputReader( 2198): CursorInputMapper::sync activeState=1
D/InputReader( 2198): InputReader wasAnyDPADKeydown: 0 pointingEnabled 1
I/v_hwc   ( 1872): hwc_draw_cursor_content(356) Draw image[i], success: src_width=2, src_height=42, dst_width=63, dst_height=63, transform=95
I/v_hwc   ( 1872): hwcSetCursor(544): cursor_width=42, cursor_height=63,cursor_format=0x132, cursor_stride=192,bpp=4, buffer_handle=0x3085af80, disp_rect={126,67,42,63}!
I/InputReader( 2198): CursorInputMapper::sync NavigationMode=1
I/InputReader( 2198): CursorInputMapper::sync activeState=1
D/InputReader( 2198): InputReader wasAnyDPADKeydown: 0 pointingEnabled 1
I/v_hwc   ( 1872): hwc_draw_cursor_content(356) Draw image[i], success: src_width=3, src_height=42, dst_width=63, dst_height=63, transform=95
I/v_hwc   ( 1872): hwcSetCursor(544): cursor_width=42, cursor_height=63,cursor_format=0x132, cursor_stride=192,bpp=4, buffer_handle=0x3085a770, disp_rect={125,66,42,63}!
I/InputReader( 2198): CursorInputMapper::sync NavigationMode=1
I/InputReader( 2198): CursorInputMapper::sync activeState=1
D/InputReader( 2198): InputReader wasAnyDPADKeydown: 0 pointingEnabled 1
I/v_hwc   ( 1872): hwc_draw_cursor_content(356) Draw image[i], success: src_width=0, src_height=42, dst_width=63, dst_height=63, transform=95
I/v_hwc   ( 1872): hwcSetCursor(544): cursor_width=42, cursor_height=63,cursor_format=0x132, cursor_stride=192,bpp=4, buffer_handle=0x3085af80, disp_rect={125,65,42,63}!
I/InputReader( 2198): CursorInputMapper::sync NavigationMode=1
I/InputReader( 2198): CursorInputMapper::sync activeState=1
D/InputReader( 2198): InputReader wasAnyDPADKeydown: 0 pointingEnabled 1
I/v_hwc   ( 1872): hwc_draw_cursor_content(356) Draw image[i], success: src_width=1, src_height=42, dst_width=63, dst_height=63, transform=95
I/v_hwc   ( 1872): hwcSetCursor(544): cursor_width=42, cursor_height=63,cursor_format=0x132, cursor_stride=192,bpp=4, buffer_handle=0x3085a770, disp_rect={125,64,42,63}!
D/SbyRpc  ( 1871): RPC: Entering sbyrpc_SendMessage 29
D/SbyRpc  ( 1871): RPC : OnRPCDataReceived 332 invokeid = 1 funcid = 29
D/SbyRpc  ( 1871): RPC: DeleteInvokeStruct 534 0x2c099848 is=1
E/GetDisplayState( 1871): Entry
I/displaycontrol/DisplayCtrl/ctrl( 1871):  In displayctrl_getCurrentDisplayState :2 
E/GetDisplayState( 1871): Exit
D/TimerImpl( 2587): MsgHandler Wait
I/InputReader( 2198): CursorInputMapper::sync NavigationMode=1
I/InputReader( 2198): CursorInputMapper::sync activeState=1
D/InputReader( 2198): InputReader wasAnyDPADKeydown: 0 pointingEnabled 1
D/WindowManager( 2198): User activity
D/TvInactivityService( 2198): User Activity
D/TvInactivityService( 2198): Cancelling timer
D/TvInactivityService( 2198): Resetting timers
I/v_hwc   ( 1872): hwc_draw_cursor_content(356) Draw image[i], success: src_width=2, src_height=42, dst_width=63, dst_height=63, transform=95
I/v_hwc   ( 1872): hwcSetCursor(544): cursor_width=42, cursor_height=63,cursor_format=0x132, cursor_stride=192,bpp=4, buffer_handle=0x3085af80, disp_rect={124,64,42,63}!
I/InputReader( 2198): CursorInputMapper::sync NavigationMode=1
I/InputReader( 2198): CursorInputMapper::sync activeState=1
D/InputReader( 2198): InputReader wasAnyDPADKeydown: 0 pointingEnabled 1
I/v_hwc   ( 1872): hwc_draw_cursor_content(356) Draw image[i], success: src_width=3, src_height=42, dst_width=63, dst_height=63, transform=95
I/v_hwc   ( 1872): hwcSetCursor(544): cursor_width=42, cursor_height=63,cursor_format=0x132, cursor_stride=192,bpp=4, buffer_handle=0x3085a770, disp_rect={123,64,42,63}!
D/RFFE_DVBC( 1871): [hfms=1]dvbcfms_semCheck : Semlock success!!!
D/RFFE_DVBC( 1871): [hfms=1]dvbcfms_mutexCheck : DVBC_FMS_LOCK success
D/RFFE_SILABS_LOGS( 1871): DVBC SQI: CNrel = CNrec - CNref[4] =  35.00 dB -  32.00 dB =   3.00 dB SQI=49 SSI=90 [BER ready ? =Y] ber=0.000035
D/RFFE_DVBC( 1871): [hfms=1]dvbcfms_monitorLock : Lock Status 1 Previous Lock Status 1
D/RFFE_DEMODSILAB_SUPP( 1871): [hsilab=1]silab_mutexCheck : SILAB_MUTEX_LOCK success
I/InputReader( 2198): CursorInputMapper::sync NavigationMode=1
I/InputReader( 2198): CursorInputMapper::sync activeState=1
D/InputReader( 2198): InputReader wasAnyDPADKeydown: 0 pointingEnabled 1
I/v_hwc   ( 1872): hwc_draw_cursor_content(356) Draw image[i], success: src_width=0, src_height=42, dst_width=63, dst_height=63, transform=95
I/v_hwc   ( 1872): hwcSetCursor(544): cursor_width=42, cursor_height=63,cursor_format=0x132, cursor_stride=192,bpp=4, buffer_handle=0x3085af80, disp_rect={124,64,42,63}!
I/InputReader( 2198): CursorInputMapper::sync NavigationMode=1
I/InputReader( 2198): CursorInputMapper::sync activeState=1
D/InputReader( 2198): InputReader wasAnyDPADKeydown: 0 pointingEnabled 1
V/ledcontrol_c( 1871): Entering ledcontrol_setLedIntensity, 42
D/SbyRpc  ( 1871): RPC: Entering sbyrpc_SendMessage 55
D/SbyRpc  ( 1871): RPC : OnRPCDataReceived 332 invokeid = 1 funcid = 55
D/SbyRpc  ( 1871): RPC: DeleteInvokeStruct 534 0x2c099848 is=1
V/ledcontrol_c( 1871): Entering ledcontrol_setLedFlashing, 139 
D/SbyRpc  ( 1871): RPC: Entering sbyrpc_SendMessage 58
D/SbyRpc  ( 1871): RPC : OnRPCDataReceived 332 invokeid = 1 funcid = 58
D/SbyRpc  ( 1871): RPC: DeleteInvokeStruct 534 0x2c099848 is=1
D/rf4ce_events( 1871): ZRC: hex = 0x00 dec = 0    press  OK(RC6: 92) #270
E/rf4ce_events( 1871): key = 0 action = press  name = OK
D/rf4ce_events( 1871): DOWN key = 220
E/rf4ce_events( 1871): RF4CE : Sending Left Click 
I/InputReader( 2198): CursorInputMapper::sync NavigationMode=1
D/RFFE_SILABS_LOGS( 1871): DVBC SQI: CNrel = CNrec - CNref[4] =  35.00 dB -  32.00 dB =   3.00 dB SQI=49 SSI=90 [BER ready ? =Y] ber=0.000035
D/RFFE_DEMODSILAB_SUPP( 1871): [hsilab=1]silab_mutexCheck : SILAB_MUTEX_UNLOCK success
D/RFFE_DVBC( 1871): [hfms=1]dvbcfms_mutexCheck : DVBC_FMS_UNLOCK success
D/RFFE_DVBC( 1871): [hfms=1]dvbcfms_semCheck : Semunlock success!!!
D/RFFE_DVBC( 1871): [hfms=0]dvbcfms_semCheck : Semlock success!!!
D/RFFE_DVBC( 1871): [hfms=0]dvbcfms_mutexCheck : DVBC_FMS_LOCK success
I/InputReader( 2198): CursorInputMapper::sync activeState=1
D/InputReader( 2198): InputReader wasAnyDPADKeydown: 0 pointingEnabled 1
D/WindowManager( 2198): User activity
D/TvInactivityService( 2198): User Activity
D/TvInactivityService( 2198): Cancelling timer
I/InputReader( 2198): CursorInputMapper::sync NavigationMode=1
I/InputReader( 2198): CursorInputMapper::sync NavigationMode=1
D/TvInactivityService( 2198): Resetting timers
I/v_hwc   ( 1872): hwc_draw_cursor_content(356) Draw image[i], success: src_width=1, src_height=42, dst_width=63, dst_height=63, transform=95
I/v_hwc   ( 1872): hwcSetCursor(544): cursor_width=42, cursor_height=63,cursor_format=0x132, cursor_stride=192,bpp=4, buffer_handle=0x3085a770, disp_rect={128,64,42,63}!
D/RFFE_SILABS_LOGS( 1871): DVBC SQI: CNrel = CNrec - CNref[4] =  35.00 dB -  32.00 dB =   3.00 dB SQI=48 SSI=90 [BER ready ? =Y] ber=0.000038
D/RFFE_DVBC( 1871): [hfms=0]dvbcfms_monitorLock : Lock Status 1 Previous Lock Status 1
D/RFFE_DEMODSILAB_SUPP( 1871): [hsilab=0]silab_mutexCheck : SILAB_MUTEX_LOCK success
I/v_hwc   ( 1872): hwc_draw_cursor_content(356) Draw image[i], success: src_width=2, src_height=42, dst_width=63, dst_height=63, transform=95
I/v_hwc   ( 1872): hwcSetCursor(544): cursor_width=42, cursor_height=63,cursor_format=0x132, cursor_stride=192,bpp=4, buffer_handle=0x3085af80, disp_rect={132,64,42,63}!
I/v_gralloc( 1872): bg2_gralloc_alloc:89 enter, w=1280, h=720, format=0x1, usage=0x800b00
I/v_gralloc( 1872):  > Map buffer=0x30857d00: surface=0x30eb3ce8 physical=0x1fc98000 logical=0x32295000
I/v_gralloc( 1872): Allocate buffer=0x30857d00  for pid=3828: size=1280x720 format=1 usage=0x00800B00 info=23:6:384000-0:0:0
I/v_hwc   ( 1872): hwc_draw_cursor_content(356) Draw image[i], success: src_width=3, src_height=42, dst_width=63, dst_height=63, transform=95
I/v_hwc   ( 1872): hwcSetCursor(544): cursor_width=42, cursor_height=63,cursor_format=0x132, cursor_stride=192,bpp=4, buffer_handle=0x3085a770, disp_rect={132,64,42,63}!
I/v_gralloc( 1872): bg2_gralloc_alloc:225,  handle=0x30857ce0, alignedWidth=1280, alignedHeight=720, stride=5120, ori_phys=0x1fc98000, cur_phy=0x1fc98000, pixelFormat=19,android_Format=1, vaddr=0x32295000
I/v_gralloc( 1872): OVERLAY: Unexpected format ot usage[F:1, U:8391424]
I/v_gralloc( 3828):  > Map buffer=0x542ffda0: surface=0x5380e550 physical=0x1fc98000 logical=0x55622000
I/v_gralloc( 3828): Register buffer=0x542ffd80 from pid=3828: size=1280x720 format=1 usage=0x00800B00 info=23:6:384000-0:0:0
I/v_gralloc( 3828): bg2_gralloc_register_buffer:428, handle=0x542ffd80, width=1280, height=720, surface=0x5380e550, phy=0x1fc98000, halFormat=306
I/v_gralloc( 3828): bg2_gralloc_register_buffer:481, AMP_BD_Map finished, err=0x0, BDId=0x34a, hnd->hBD=0x4b946000
D/        ( 1871): TVSettingsProviderService | NativeLibrary : getInt Done  for property=45 & value=2
D/RFFE_SILABS_LOGS( 1871): DVBC SQI: CNrel = CNrec - CNref[4] =  35.25 dB -  32.00 dB =   3.25 dB SQI=48 SSI=90 [BER ready ? =Y] ber=0.000038
D/RFFE_DEMODSILAB_SUPP( 1871): [hsilab=0]silab_mutexCheck : SILAB_MUTEX_UNLOCK success
D/RFFE_DVBC( 1871): [hfms=0]dvbcfms_mutexCheck : DVBC_FMS_UNLOCK success
D/RFFE_DVBC( 1871): [hfms=0]dvbcfms_semCheck : Semunlock success!!!
E/rf4ce_events( 1871): ZRC: 0x00    release OK
D/rf4ce_events( 1871): Up key = 220
E/rf4ce_events( 1871): RF4CE : Sending Click Released 
I/InputReader( 2198): CursorInputMapper::sync NavigationMode=1
I/InputReader( 2198): CursorInputMapper::sync activeState=1
D/InputReader( 2198): InputReader wasAnyDPADKeydown: 0 pointingEnabled 1
I/InputReader( 2198): CursorInputMapper::sync NavigationMode=1
I/InputReader( 2198): CursorInputMapper::sync NavigationMode=1
I/v_hwc   ( 1872): hwc_draw_cursor_content(356) Draw image[i], success: src_width=0, src_height=42, dst_width=63, dst_height=63, transform=95
I/v_hwc   ( 1872): hwcSetCursor(544): cursor_width=42, cursor_height=63,cursor_format=0x132, cursor_stride=192,bpp=4, buffer_handle=0x3085af80, disp_rect={136,64,42,63}!
D/InputEventConsistencyVerifier( 3828): TouchEvent: Source was not SOURCE_CLASS_POINTER.
D/InputEventConsistencyVerifier( 3828):   in android.view.ScaleGestureDetector@2c357a28
D/InputEventConsistencyVerifier( 3828):   0: sent at 28185304000000, MotionEvent { action=ACTION_CANCEL, id[0]=0, x[0]=0.0, y[0]=0.0, toolType[0]=TOOL_TYPE_UNKNOWN, buttonState=0, metaState=0, flags=0x0, edgeFlags=0x0, pointerCount=1, historySize=0, eventTime=28185304, downTime=28185304, deviceId=0, source=0x0 }
D/InputEventConsistencyVerifier( 3828):   -- recent events --
D/InputEventConsistencyVerifier( 3828):   1: sent at 28006436000000, MotionEvent { action=ACTION_CANCEL, id[0]=0, x[0]=0.0, y[0]=0.0, toolType[0]=TOOL_TYPE_UNKNOWN, buttonState=0, metaState=0, flags=0x80000000, edgeFlags=0x0, pointerCount=1, historySize=0, eventTime=28006436, downTime=28006436, deviceId=0, source=0x0 }
D/InputEventConsistencyVerifier( 3828):   2: sent at 28006431000000, MotionEvent { action=ACTION_CANCEL, id[0]=0, x[0]=0.0, y[0]=0.0, toolType[0]=TOOL_TYPE_UNKNOWN, buttonState=0, metaState=0, flags=0x80000000, edgeFlags=0x0, pointerCount=1, historySize=0, eventTime=28006431, downTime=28006431, deviceId=0, source=0x0 }
D/InputEventConsistencyVerifier( 3828):   3: sent at 28005101000000, MotionEvent { action=ACTION_CANCEL, id[0]=0, x[0]=0.0, y[0]=0.0, toolType[0]=TOOL_TYPE_UNKNOWN, buttonState=0, metaState=0, flags=0x80000000, edgeFlags=0x0, pointerCount=1, historySize=0, eventTime=28005101, downTime=28005101, deviceId=0, source=0x0 }
D/InputEventConsistencyVerifier( 3828):   4: sent at 28005068000000, MotionEvent { action=ACTION_CANCEL, id[0]=0, x[0]=0.0, y[0]=0.0, toolType[0]=TOOL_TYPE_UNKNOWN, buttonState=0, metaState=0, flags=0x80000000, edgeFlags=0x0, pointerCount=1, historySize=0, eventTime=28005068, downTime=28005068, deviceId=0, source=0x0 }
D/InputEventConsistencyVerifier( 3828):   5: sent at 28003840000000, MotionEvent { action=ACTION_CANCEL, id[0]=0, x[0]=0.0, y[0]=0.0, toolType[0]=TOOL_TYPE_UNKNOWN, buttonState=0, metaState=0, flags=0x80000000, edgeFlags=0x0, pointerCount=1, historySize=0, eventTime=28003840, downTime=28003840, deviceId=0, source=0x0 }
I/v_hwc   ( 1872): hwc_draw_cursor_content(356) Draw image[i], success: src_width=1, src_height=42, dst_width=63, dst_height=63, transform=95
I/v_hwc   ( 1872): hwcSetCursor(544): cursor_width=42, cursor_height=63,cursor_format=0x132, cursor_stride=192,bpp=4, buffer_handle=0x3085a770, disp_rect={136,64,42,63}!
